
> merm8-splash@0.1.0 test
> playwright test

